#-----------------------------------------------------------
# Vivado v2025.2 (64-bit)
# SW Build 6299465 on Fri Nov 14 19:35:11 GMT 2025
# IP Build 6300035 on Fri Nov 14 10:48:45 MST 2025
# SharedData Build 6298862 on Thu Nov 13 04:50:51 MST 2025
# Start of session at: Tue May  5 13:56:16 2026
# Process ID         : 11852
# Current directory  : C:/Users/uhliv/Desktop/DE1/DE1_Ultrasound_13/ultrasound/ultrasound.runs/synth_1
# Command line       : vivado.exe -log ultrasound_top.vds -product Vivado -mode batch -messageDb vivado.pb -notrace -source ultrasound_top.tcl
# Log file           : C:/Users/uhliv/Desktop/DE1/DE1_Ultrasound_13/ultrasound/ultrasound.runs/synth_1/ultrasound_top.vds
# Journal file       : C:/Users/uhliv/Desktop/DE1/DE1_Ultrasound_13/ultrasound/ultrasound.runs/synth_1\vivado.jou
# Running On         : DESKTOP-DKUEKBV
# Platform           : Windows Server 2016 or Windows 10
# Operating System   : 26200
# Processor Detail   : 12th Gen Intel(R) Core(TM) i5-12450HX
# CPU Frequency      : 2688 MHz
# CPU Physical cores : 8
# CPU Logical cores  : 12
# Host memory        : 16873 MB
# Swap memory        : 4563 MB
# Total Virtual      : 21436 MB
# Available Virtual  : 3820 MB
#-----------------------------------------------------------
source ultrasound_top.tcl -notrace
